// Jest Snapshot v1, https://goo.gl/fbAQLP

exports[`Storyshots Molecules/Task Default 1`] = `
<div
  style={
    Object {
      "alignContent": "flex-start",
      "background": "",
      "display": "flex",
      "flexDirection": "column",
      "flexWrap": "wrap",
      "gap": "10px 30px",
      "height": "100%",
      "justifyContent": "flex-start",
      "maxHeight": "auto",
      "padding": "2em",
    }
  }
>
  <div
    className="task"
  >
    <div
      className="wrapper"
    >
      <button
        aria-label="culminated button"
        className="button color-base is-round"
        id="button-trash"
      >
        <span
          className="icon color-base size-md"
        >
          <svg
            height={21}
            stroke="currentColor"
            viewBox="0 0 21 21"
            width={21}
            xmlns="http://www.w3.org/2000/svg"
          >
            <g
              fill="none"
              fillRule="evenodd"
              strokeLinecap="round"
              strokeLinejoin="round"
            >
              <path
                d="M14.857 3.79a8 8 0 102.852 3.24M6.5 9.5l3"
              />
            </g>
          </svg>
        </span>
        
        
      </button>
      <h4
        className="title color-base"
      >
        Consent doubt Tuckborough challenge destroying.
      </h4>
    </div>
    <button
      aria-label="delete button"
      className="button color-base is-round"
      id="button-trash"
    >
      <span
        className="icon color-base size-md"
      >
        <svg
          height={21}
          stroke="currentColor"
          viewBox="0 0 21 21"
          width={21}
          xmlns="http://www.w3.org/2000/svg"
        >
          <g
            fill="none"
            fillRule="evenodd"
            strokeLinecap="round"
            strokeLinejoin="round"
          >
            <path
              d="M5.5 4.5h10v12a2 2 0 01-2 2h-6a2 2 0 01-2-2zm5-2a2 2 0 011.995 1.85l.005.15h-4a2 2 0 012-2zM3.5 4.5h14M8.5 7.5v8M12.5 7.5v8"
            />
          </g>
        </svg>
      </span>
      
      
    </button>
  </div>
</div>
`;
